---
source: src/srv/parser_test.rs
expression: "&parse(\"#units v=m\")"
---
items:
  - loc: "#units v=m"
    locs:
      directive: "#units"
    options:
      - loc: v=m
        locs:
          option: v
          unit: m
        option: FrontsightInclinationUnit
        unit: Mils
    type: UnitsDirective
