---
source: src/srv/parser_test.rs
expression: "&parse(\"#units Rect=3\")"
---
items:
  - loc: "#units Rect=3"
    locs:
      directive: "#units"
    options:
      - correction:
          unit: Degrees
          value: 3
        loc: Rect=3
        locs:
          correction: "3"
          option: Rect
        option: RectilinearNorthCorrection
    type: UnitsDirective
