---
source: src/srv/parser_test.rs
expression: "&parse(\"#units order=da\")"
---
items:
  - loc: "#units order=da"
    locs:
      directive: "#units"
    options:
      - loc: order=da
        locs:
          option: order
          order: da
        option: CompassAndTapeOrder
        order:
          - Distance
          - Azimuth
    type: UnitsDirective
