---
source: src/srv/parser_test.rs
expression: "&parse(\"#prefix=\")"
---
INVALID:
  items:
    - level: 1
      loc: "#prefix="
      locs:
        directive: "#prefix"
        prefix: "="
      prefix: "="
      type: PrefixDirective
issues:
  - code: EMISSINGWHITESPACE
    loc: ""
    message: Missing whitespace
    severity: Error
