---
source: src/srv/parser_test.rs
expression: "&parse(\"#units incab=-2.3\")"
---
items:
  - loc: "#units incab=-2.3"
    locs:
      directive: "#units"
    options:
      - correction:
          unit: Degrees
          value: -2.3
        loc: incab=-2.3
        locs:
          correction: "-2.3"
          option: incab
        option: BacksightAzimuthCorrection
    type: UnitsDirective
