---
source: src/srv/parser_test.rs
expression: "&parse(\"#units d=f incs=2\")"
---
items:
  - loc: "#units d=f incs=2"
    locs:
      directive: "#units"
    options:
      - loc: d=f
        locs:
          option: d
          unit: f
        option: PrimaryDistanceUnit
        unit: Feet
      - correction:
          unit: Meters
          value: 2
        loc: incs=2
        locs:
          correction: "2"
          option: incs
        option: SecondaryDistanceCorrection
    type: UnitsDirective
