---
source: src/srv/parser_test.rs
expression: "&parse(\"#units case=m\")"
---
items:
  - loc: "#units case=m"
    locs:
      directive: "#units"
    options:
      - conversion: Mixed
        loc: case=m
        locs:
          conversion: m
          option: case
        option: StationNameCase
    type: UnitsDirective
