---
source: src/srv/parser_test.rs
expression: "&parse(\"#units ab=mils\")"
---
items:
  - loc: "#units ab=mils"
    locs:
      directive: "#units"
    options:
      - loc: ab=mils
        locs:
          option: ab
          unit: mils
        option: BacksightAzimuthUnit
        unit: Mils
    type: UnitsDirective
