---
source: src/srv/parser_test.rs
expression: "&parse(\"#units v=percent\")"
---
items:
  - loc: "#units v=percent"
    locs:
      directive: "#units"
    options:
      - loc: v=percent
        locs:
          option: v
          unit: percent
        option: FrontsightInclinationUnit
        unit: Percent
    type: UnitsDirective
