---
source: src/srv/parser_test.rs
expression: "&parse(\"#units incs=-2q\")"
---
INVALID:
  items:
    - INVALID:
        loc: "#units incs=-2q"
        locs:
          directive: "#units"
        options:
          - INVALID:
              correction: "-2q"
              loc: incs=-2q
              locs:
                correction: "-2q"
                option: incs
              option: SecondaryDistanceCorrection
            issues:
              - 0
        type: UnitsDirective
issues:
  - code: EINVALIDLENGTHUNIT
    loc: q
    message: Invalid length unit
    severity: Error
