---
source: src/srv/parser_test.rs
expression: "&parse(\"#units d=feet\")"
---
items:
  - loc: "#units d=feet"
    locs:
      directive: "#units"
    options:
      - loc: d=feet
        locs:
          option: d
          unit: feet
        option: PrimaryDistanceUnit
        unit: Feet
    type: UnitsDirective
