---
source: src/srv/parser_test.rs
expression: "&parse(\"#units incvb=-2.3\")"
---
items:
  - loc: "#units incvb=-2.3"
    locs:
      directive: "#units"
    options:
      - correction:
          unit: Degrees
          value: -2.3
        loc: incvb=-2.3
        locs:
          correction: "-2.3"
          option: incvb
        option: BacksightInclinationCorrection
    type: UnitsDirective
